(recipe
  (section
    header: (section_header
      name: )
    content: (step
      (plain_text)
      (cookware
        name: (cookware_text))
      (plain_text))
    content: (step
      (plain_text)
      (ingredient
        name: (ingredient_text)
        (amount
          (quantity)
          (units)))
      (plain_text)
      (cookware
        name: (cookware_text)))
    content: (step
      (plain_text)
      (timer
        (amount
          (quantity)
          (units))))))