(recipe
  (metadata)
  (section
    header: (section_header
      name: )
    content: (comment)
    content: (note)
    content: (step
      (plain_text)
      (cookware
        name: (cookware_text))
      (plain_text)
      (ingredient
        name: (ingredient_text)
        (amount
          (quantity)
          (units)))
      (plain_text)
      (timer
        (amount
          (quantity)
          (units)))
      (plain_text)
      (block_comment)
      (plain_text))))